[{"id":"c3e6dcad-1187-4256-ba20-fe4162e0289b","createdAt":"2024-11-16T10:21:43.908422Z","playerName":"playerOne","timeScore":10.122,"level":2},{"id":"573c253a-d396-42c3-941c-9be15155f697","createdAt":"2024-11-16T10:21:53.192739Z","playerName":"playerTwo","timeScore":12.0,"level":2},{"id":"0a328aaa-f1be-4af2-b4ef-23ffe1a945ba","createdAt":"2024-11-16T10:22:51.971171Z","playerName":"playerSix","timeScore":19.02,"level":2},{"id":"65af5e08-71b3-42d1-bf62-82ba6c1b3133","createdAt":"2024-11-16T10:23:00.688554Z","playerName":"playerSeven","timeScore":25.0,"level":2},{"id":"49309902-a3bd-4d77-956f-1f69fb725a5e","createdAt":"2024-11-16T10:22:26.798017Z","playerName":"playerFive","timeScore":100.0,"level":2},{"id":"3b935c6d-3268-4af8-b867-5a6499502079","createdAt":"2024-11-16T10:22:03.781989Z","playerName":"playerThree","timeScore":5.0,"level":1},{"id":"60024b52-46e0-4b7b-beab-769779a1d431","createdAt":"2024-11-16T10:22:14.346142Z","playerName":"playerFour","timeScore":10.0,"level":1}]